  Identification des projets à restaurer...
  Restauration effectuée de C:\sources\Github\BIAToolKit\BIA.ToolKit.Updater\BIA.ToolKit.Updater.csproj (en 215 ms).
  Restauration effectuée de C:\sources\Github\BIAToolKit\BIA.ToolKit.Common\BIA.ToolKit.Common.csproj (en 452 ms).
  Restauration effectuée de C:\sources\Github\BIAToolKit\BIA.ToolKit.Domain\BIA.ToolKit.Domain.csproj (en 463 ms).
  Restauration effectuée de C:\sources\Github\BIAToolKit\BIA.ToolKit.Application\BIA.ToolKit.Application.csproj (en 565 ms).
  Restauration effectuée de C:\sources\Github\BIAToolKit\BIA.ToolKit.Test.Templates\BIA.ToolKit.Test.Templates.csproj (en 566 ms).
  Restauration effectuée de C:\sources\Github\BIAToolKit\BIA.ToolKit\BIA.ToolKit.csproj (en 567 ms).
  BIA.ToolKit.Common -> C:\sources\Github\BIAToolKit\BIA.ToolKit.Common\bin\Debug\net10.0\BIA.ToolKit.Common.dll
  BIA.ToolKit.Updater -> C:\sources\Github\BIAToolKit\BIA.ToolKit.Updater\bin\Debug\net10.0\BIA.ToolKit.Updater.dll
  BIA.ToolKit.Application.Templates -> C:\sources\Github\BIAToolKit\BIA.ToolKit.Application.Templates\bin\Debug\BIA.ToolKit.Application.Templates.dll
  BIA.ToolKit.Domain -> C:\sources\Github\BIAToolKit\BIA.ToolKit.Domain\bin\Debug\net10.0\BIA.ToolKit.Domain.dll
  BIA.ToolKit.Application -> C:\sources\Github\BIAToolKit\BIA.ToolKit.Application\bin\Debug\net10.0\BIA.ToolKit.Application.dll
  BIA.ToolKit.Test.Templates -> C:\sources\Github\BIAToolKit\BIA.ToolKit.Test.Templates\bin\Debug\net10.0\BIA.ToolKit.Test.Templates.dll
  BIA.ToolKit -> C:\sources\Github\BIAToolKit\BIA.ToolKit\bin\Debug\net10.0-windows10.0.26100.0\win-x64\BIA.ToolKit.dll

La génération a réussi.
    0 Avertissement(s)
    0 Erreur(s)

Temps écoulé 00:00:12.27
